// Jest Snapshot v1, https://goo.gl/fbAQLP

exports[`Testtin GifGrid Component should component has a snapshot 1`] = `
<div>
  <h4>
    Loading...
  </h4>
  <ol
    className="card-grid"
  />
</div>
`;

exports[`Testtin GifGrid Component should content after hook was called 1`] = `
<div>
  <ol
    className="card-grid"
  >
    <GifGridItem
      id="1"
      key="1"
      title="mi title"
      url="http://url.com"
    />
  </ol>
</div>
`;
